---
source: neco-felis-syn/src/file.rs
assertion_line: 90
expression: file
---
File {
    items: [
        Entrypoint(
            ItemEntrypoint {
                keyword_entrypoint: TokenKeyword {
                    pos: Pos {
                        file_id: FileId(
                            0,
                        ),
                        line: 1,
                        column: 1,
                    },
                    s: "entrypoint",
                },
                name: TokenVariable {
                    pos: Pos {
                        file_id: FileId(
                            0,
                        ),
                        line: 1,
                        column: 13,
                    },
                    s: "main",
                },
                semicolon: TokenSemicolon {
                    pos: Pos {
                        file_id: FileId(
                            0,
                        ),
                        line: 1,
                        column: 17,
                    },
                },
                ext: (),
            },
        ),
        UseBuiltin(
            ItemUseBuiltin {
                keyword_use_builtin: TokenKeyword {
                    pos: Pos {
                        file_id: FileId(
                            0,
                        ),
                        line: 3,
                        column: 1,
                    },
                    s: "use_builtin",
                },
                builtin_name: TokenString {
                    pos: Pos {
                        file_id: FileId(
                            0,
                        ),
                        line: 3,
                        column: 14,
                    },
                    s: "syscall",
                },
                keyword_as: TokenKeyword {
                    pos: Pos {
                        file_id: FileId(
                            0,
                        ),
                        line: 3,
                        column: 24,
                    },
                    s: "as",
                },
                name: TokenVariable {
                    pos: Pos {
                        file_id: FileId(
                            0,
                        ),
                        line: 3,
                        column: 28,
                    },
                    s: "__syscall",
                },
                semicolon: TokenSemicolon {
                    pos: Pos {
                        file_id: FileId(
                            0,
                        ),
                        line: 3,
                        column: 37,
                    },
                },
                ext: (),
            },
        ),
        Proc(
            ItemProc {
                ptx_modifier: None,
                keyword_proc: TokenKeyword {
                    pos: Pos {
                        file_id: FileId(
                            0,
                        ),
                        line: 5,
                        column: 1,
                    },
                    s: "proc",
                },
                name: TokenVariable {
                    pos: Pos {
                        file_id: FileId(
                            0,
                        ),
                        line: 5,
                        column: 7,
                    },
                    s: "main",
                },
                colon: TokenColon {
                    pos: Pos {
                        file_id: FileId(
                            0,
                        ),
                        line: 5,
                        column: 12,
                    },
                },
                ty: ArrowNodep(
                    TermArrowNodep {
                        from: Unit(
                            TermUnit {
                                paren_l: TokenParenL {
                                    pos: Pos {
                                        file_id: FileId(
                                            0,
                                        ),
                                        line: 5,
                                        column: 14,
                                    },
                                },
                                paren_r: TokenParenR {
                                    pos: Pos {
                                        file_id: FileId(
                                            0,
                                        ),
                                        line: 5,
                                        column: 15,
                                    },
                                },
                                ext: (),
                            },
                        ),
                        arrow: TokenOperator {
                            pos: Pos {
                                file_id: FileId(
                                    0,
                                ),
                                line: 5,
                                column: 17,
                            },
                            s: "->",
                        },
                        to: Unit(
                            TermUnit {
                                paren_l: TokenParenL {
                                    pos: Pos {
                                        file_id: FileId(
                                            0,
                                        ),
                                        line: 5,
                                        column: 20,
                                    },
                                },
                                paren_r: TokenParenR {
                                    pos: Pos {
                                        file_id: FileId(
                                            0,
                                        ),
                                        line: 5,
                                        column: 21,
                                    },
                                },
                                ext: (),
                            },
                        ),
                        ext: (),
                    },
                ),
                proc_block: ItemProcBlock {
                    brace_l: TokenBraceL {
                        pos: Pos {
                            file_id: FileId(
                                0,
                            ),
                            line: 5,
                            column: 23,
                        },
                    },
                    statements: Then(
                        StatementsThen {
                            head: Expr(
                                Apply(
                                    ProcTermApply {
                                        f: Variable(
                                            ProcTermVariable {
                                                variable: TokenVariable {
                                                    pos: Pos {
                                                        file_id: FileId(
                                                            0,
                                                        ),
                                                        line: 6,
                                                        column: 5,
                                                    },
                                                    s: "__syscall",
                                                },
                                                ext: (),
                                            },
                                        ),
                                        args: [
                                            Number(
                                                ProcTermNumber {
                                                    number: TokenNumber {
                                                        pos: Pos {
                                                            file_id: FileId(
                                                                0,
                                                            ),
                                                            line: 6,
                                                            column: 15,
                                                        },
                                                        s: "231",
                                                    },
                                                    ext: (),
                                                },
                                            ),
                                            Number(
                                                ProcTermNumber {
                                                    number: TokenNumber {
                                                        pos: Pos {
                                                            file_id: FileId(
                                                                0,
                                                            ),
                                                            line: 6,
                                                            column: 19,
                                                        },
                                                        s: "42",
                                                    },
                                                    ext: (),
                                                },
                                            ),
                                            Number(
                                                ProcTermNumber {
                                                    number: TokenNumber {
                                                        pos: Pos {
                                                            file_id: FileId(
                                                                0,
                                                            ),
                                                            line: 6,
                                                            column: 22,
                                                        },
                                                        s: "0",
                                                    },
                                                    ext: (),
                                                },
                                            ),
                                            Number(
                                                ProcTermNumber {
                                                    number: TokenNumber {
                                                        pos: Pos {
                                                            file_id: FileId(
                                                                0,
                                                            ),
                                                            line: 6,
                                                            column: 24,
                                                        },
                                                        s: "0",
                                                    },
                                                    ext: (),
                                                },
                                            ),
                                            Number(
                                                ProcTermNumber {
                                                    number: TokenNumber {
                                                        pos: Pos {
                                                            file_id: FileId(
                                                                0,
                                                            ),
                                                            line: 6,
                                                            column: 26,
                                                        },
                                                        s: "0",
                                                    },
                                                    ext: (),
                                                },
                                            ),
                                            Number(
                                                ProcTermNumber {
                                                    number: TokenNumber {
                                                        pos: Pos {
                                                            file_id: FileId(
                                                                0,
                                                            ),
                                                            line: 6,
                                                            column: 28,
                                                        },
                                                        s: "0",
                                                    },
                                                    ext: (),
                                                },
                                            ),
                                        ],
                                        ext: (),
                                    },
                                ),
                            ),
                            semicolon: TokenSemicolon {
                                pos: Pos {
                                    file_id: FileId(
                                        0,
                                    ),
                                    line: 6,
                                    column: 29,
                                },
                            },
                            tail: Nil,
                            ext: (),
                        },
                    ),
                    brace_r: TokenBraceR {
                        pos: Pos {
                            file_id: FileId(
                                0,
                            ),
                            line: 7,
                            column: 1,
                        },
                    },
                    ext: (),
                },
                ext: (),
            },
        ),
    ],
    ext: (),
}
