---
source: neco-felis-syn/src/file.rs
expression: file
---
File {
    items: [
        Inductive(
            ItemInductive {
                keyword_inductive: TokenKeyword {
                    pos: Pos {
                        file_id: FileId(
                            0,
                        ),
                        line: 1,
                        column: 1,
                    },
                    s: "inductive",
                },
                name: TokenVariable {
                    pos: Pos {
                        file_id: FileId(
                            0,
                        ),
                        line: 1,
                        column: 12,
                    },
                    s: "nat",
                },
                colon: TokenColon {
                    pos: Pos {
                        file_id: FileId(
                            0,
                        ),
                        line: 1,
                        column: 16,
                    },
                },
                ty: Apply(
                    TermApply {
                        f: Variable(
                            TermVariable {
                                variable: TokenVariable {
                                    pos: Pos {
                                        file_id: FileId(
                                            0,
                                        ),
                                        line: 1,
                                        column: 18,
                                    },
                                    s: "Set",
                                },
                            },
                        ),
                        args: [],
                    },
                ),
                brace_l: TokenBraceL {
                    pos: Pos {
                        file_id: FileId(
                            0,
                        ),
                        line: 1,
                        column: 22,
                    },
                },
                branches: [
                    ItemInductiveBranch {
                        name: TokenVariable {
                            pos: Pos {
                                file_id: FileId(
                                    0,
                                ),
                                line: 2,
                                column: 5,
                            },
                            s: "O",
                        },
                        colon: TokenColon {
                            pos: Pos {
                                file_id: FileId(
                                    0,
                                ),
                                line: 2,
                                column: 6,
                            },
                        },
                        ty: Apply(
                            TermApply {
                                f: Variable(
                                    TermVariable {
                                        variable: TokenVariable {
                                            pos: Pos {
                                                file_id: FileId(
                                                    0,
                                                ),
                                                line: 2,
                                                column: 8,
                                            },
                                            s: "nat",
                                        },
                                    },
                                ),
                                args: [],
                            },
                        ),
                        comma: TokenComma {
                            pos: Pos {
                                file_id: FileId(
                                    0,
                                ),
                                line: 2,
                                column: 11,
                            },
                        },
                    },
                    ItemInductiveBranch {
                        name: TokenVariable {
                            pos: Pos {
                                file_id: FileId(
                                    0,
                                ),
                                line: 3,
                                column: 5,
                            },
                            s: "S",
                        },
                        colon: TokenColon {
                            pos: Pos {
                                file_id: FileId(
                                    0,
                                ),
                                line: 3,
                                column: 6,
                            },
                        },
                        ty: ArrowNodep(
                            TermArrowNodep {
                                from: Variable(
                                    TermVariable {
                                        variable: TokenVariable {
                                            pos: Pos {
                                                file_id: FileId(
                                                    0,
                                                ),
                                                line: 3,
                                                column: 8,
                                            },
                                            s: "nat",
                                        },
                                    },
                                ),
                                arrow: TokenOperator {
                                    pos: Pos {
                                        file_id: FileId(
                                            0,
                                        ),
                                        line: 3,
                                        column: 12,
                                    },
                                    s: "->",
                                },
                                to: Apply(
                                    TermApply {
                                        f: Variable(
                                            TermVariable {
                                                variable: TokenVariable {
                                                    pos: Pos {
                                                        file_id: FileId(
                                                            0,
                                                        ),
                                                        line: 3,
                                                        column: 15,
                                                    },
                                                    s: "nat",
                                                },
                                            },
                                        ),
                                        args: [],
                                    },
                                ),
                            },
                        ),
                        comma: TokenComma {
                            pos: Pos {
                                file_id: FileId(
                                    0,
                                ),
                                line: 3,
                                column: 18,
                            },
                        },
                    },
                ],
                brace_r: TokenBraceR {
                    pos: Pos {
                        file_id: FileId(
                            0,
                        ),
                        line: 4,
                        column: 1,
                    },
                },
            },
        ),
    ],
}
