---
source: neco-felis-syn/src/file.rs
expression: file
---
File {
    items: [
        Entrypoint(
            ItemEntrypoint {
                keyword_entrypoint: TokenKeyword {
                    pos: Pos {
                        file_id: FileId(
                            0,
                        ),
                        line: 1,
                        column: 1,
                    },
                    s: "entrypoint",
                },
                name: TokenVariable {
                    pos: Pos {
                        file_id: FileId(
                            0,
                        ),
                        line: 1,
                        column: 13,
                    },
                    s: "main",
                },
                semicolon: TokenSemicolon {
                    pos: Pos {
                        file_id: FileId(
                            0,
                        ),
                        line: 1,
                        column: 17,
                    },
                },
                ext: (),
            },
        ),
        UseBuiltin(
            ItemUseBuiltin {
                keyword_use_builtin: TokenKeyword {
                    pos: Pos {
                        file_id: FileId(
                            0,
                        ),
                        line: 3,
                        column: 1,
                    },
                    s: "use_builtin",
                },
                builtin_name: TokenString {
                    pos: Pos {
                        file_id: FileId(
                            0,
                        ),
                        line: 3,
                        column: 14,
                    },
                    s: "syscall",
                },
                keyword_as: TokenKeyword {
                    pos: Pos {
                        file_id: FileId(
                            0,
                        ),
                        line: 3,
                        column: 24,
                    },
                    s: "as",
                },
                name: TokenVariable {
                    pos: Pos {
                        file_id: FileId(
                            0,
                        ),
                        line: 3,
                        column: 28,
                    },
                    s: "__syscall",
                },
                semicolon: TokenSemicolon {
                    pos: Pos {
                        file_id: FileId(
                            0,
                        ),
                        line: 3,
                        column: 37,
                    },
                },
                ext: (),
            },
        ),
        Proc(
            ItemProc {
                keyword_proc: TokenKeyword {
                    pos: Pos {
                        file_id: FileId(
                            0,
                        ),
                        line: 5,
                        column: 1,
                    },
                    s: "proc",
                },
                name: TokenVariable {
                    pos: Pos {
                        file_id: FileId(
                            0,
                        ),
                        line: 5,
                        column: 7,
                    },
                    s: "main",
                },
                colon: TokenColon {
                    pos: Pos {
                        file_id: FileId(
                            0,
                        ),
                        line: 5,
                        column: 12,
                    },
                },
                ty: ArrowNodep(
                    TermArrowNodep {
                        from: Unit(
                            TermUnit {
                                paren_l: TokenParenL {
                                    pos: Pos {
                                        file_id: FileId(
                                            0,
                                        ),
                                        line: 5,
                                        column: 14,
                                    },
                                },
                                paren_r: TokenParenR {
                                    pos: Pos {
                                        file_id: FileId(
                                            0,
                                        ),
                                        line: 5,
                                        column: 15,
                                    },
                                },
                                ext: (),
                            },
                        ),
                        arrow: TokenOperator {
                            pos: Pos {
                                file_id: FileId(
                                    0,
                                ),
                                line: 5,
                                column: 17,
                            },
                            s: "->",
                        },
                        to: Unit(
                            TermUnit {
                                paren_l: TokenParenL {
                                    pos: Pos {
                                        file_id: FileId(
                                            0,
                                        ),
                                        line: 5,
                                        column: 20,
                                    },
                                },
                                paren_r: TokenParenR {
                                    pos: Pos {
                                        file_id: FileId(
                                            0,
                                        ),
                                        line: 5,
                                        column: 21,
                                    },
                                },
                                ext: (),
                            },
                        ),
                        ext: (),
                    },
                ),
                proc_block: ItemProcBlock {
                    brace_l: TokenBraceL {
                        pos: Pos {
                            file_id: FileId(
                                0,
                            ),
                            line: 5,
                            column: 23,
                        },
                    },
                    statements: Then(
                        StatementsThen {
                            head: Let(
                                StatementLet {
                                    let_keyword: TokenKeyword {
                                        pos: Pos {
                                            file_id: FileId(
                                                0,
                                            ),
                                            line: 6,
                                            column: 5,
                                        },
                                        s: "let",
                                    },
                                    variable: TokenVariable {
                                        pos: Pos {
                                            file_id: FileId(
                                                0,
                                            ),
                                            line: 6,
                                            column: 10,
                                        },
                                        s: "syscall_id",
                                    },
                                    equals: TokenOperator {
                                        pos: Pos {
                                            file_id: FileId(
                                                0,
                                            ),
                                            line: 6,
                                            column: 21,
                                        },
                                        s: "=",
                                    },
                                    value: Number(
                                        TermNumber {
                                            number: TokenNumber {
                                                pos: Pos {
                                                    file_id: FileId(
                                                        0,
                                                    ),
                                                    line: 6,
                                                    column: 23,
                                                },
                                                s: "231u64",
                                            },
                                            ext: (),
                                        },
                                    ),
                                    ext: (),
                                },
                            ),
                            semicolon: TokenSemicolon {
                                pos: Pos {
                                    file_id: FileId(
                                        0,
                                    ),
                                    line: 6,
                                    column: 29,
                                },
                            },
                            tail: Then(
                                StatementsThen {
                                    head: LetMut(
                                        StatementLetMut {
                                            let_keyword: TokenKeyword {
                                                pos: Pos {
                                                    file_id: FileId(
                                                        0,
                                                    ),
                                                    line: 7,
                                                    column: 5,
                                                },
                                                s: "let",
                                            },
                                            mut_keyword: TokenKeyword {
                                                pos: Pos {
                                                    file_id: FileId(
                                                        0,
                                                    ),
                                                    line: 7,
                                                    column: 10,
                                                },
                                                s: "mut",
                                            },
                                            variable: TokenVariable {
                                                pos: Pos {
                                                    file_id: FileId(
                                                        0,
                                                    ),
                                                    line: 7,
                                                    column: 14,
                                                },
                                                s: "error_code",
                                            },
                                            equals: TokenOperator {
                                                pos: Pos {
                                                    file_id: FileId(
                                                        0,
                                                    ),
                                                    line: 7,
                                                    column: 25,
                                                },
                                                s: "=",
                                            },
                                            value: Number(
                                                TermNumber {
                                                    number: TokenNumber {
                                                        pos: Pos {
                                                            file_id: FileId(
                                                                0,
                                                            ),
                                                            line: 7,
                                                            column: 27,
                                                        },
                                                        s: "0u64",
                                                    },
                                                    ext: (),
                                                },
                                            ),
                                            ext: (),
                                        },
                                    ),
                                    semicolon: TokenSemicolon {
                                        pos: Pos {
                                            file_id: FileId(
                                                0,
                                            ),
                                            line: 7,
                                            column: 31,
                                        },
                                    },
                                    tail: Then(
                                        StatementsThen {
                                            head: Assign(
                                                StatementAssign {
                                                    variable: TokenVariable {
                                                        pos: Pos {
                                                            file_id: FileId(
                                                                0,
                                                            ),
                                                            line: 8,
                                                            column: 5,
                                                        },
                                                        s: "error_code",
                                                    },
                                                    equals: TokenOperator {
                                                        pos: Pos {
                                                            file_id: FileId(
                                                                0,
                                                            ),
                                                            line: 8,
                                                            column: 16,
                                                        },
                                                        s: "=",
                                                    },
                                                    value: Number(
                                                        TermNumber {
                                                            number: TokenNumber {
                                                                pos: Pos {
                                                                    file_id: FileId(
                                                                        0,
                                                                    ),
                                                                    line: 8,
                                                                    column: 18,
                                                                },
                                                                s: "42u64",
                                                            },
                                                            ext: (),
                                                        },
                                                    ),
                                                    ext: (),
                                                },
                                            ),
                                            semicolon: TokenSemicolon {
                                                pos: Pos {
                                                    file_id: FileId(
                                                        0,
                                                    ),
                                                    line: 8,
                                                    column: 23,
                                                },
                                            },
                                            tail: Then(
                                                StatementsThen {
                                                    head: Expr(
                                                        Apply(
                                                            TermApply {
                                                                f: Variable(
                                                                    TermVariable {
                                                                        variable: TokenVariable {
                                                                            pos: Pos {
                                                                                file_id: FileId(
                                                                                    0,
                                                                                ),
                                                                                line: 9,
                                                                                column: 5,
                                                                            },
                                                                            s: "__syscall",
                                                                        },
                                                                        ext: (),
                                                                    },
                                                                ),
                                                                args: [
                                                                    Variable(
                                                                        TermVariable {
                                                                            variable: TokenVariable {
                                                                                pos: Pos {
                                                                                    file_id: FileId(
                                                                                        0,
                                                                                    ),
                                                                                    line: 9,
                                                                                    column: 15,
                                                                                },
                                                                                s: "syscall_id",
                                                                            },
                                                                            ext: (),
                                                                        },
                                                                    ),
                                                                    Variable(
                                                                        TermVariable {
                                                                            variable: TokenVariable {
                                                                                pos: Pos {
                                                                                    file_id: FileId(
                                                                                        0,
                                                                                    ),
                                                                                    line: 9,
                                                                                    column: 26,
                                                                                },
                                                                                s: "error_code",
                                                                            },
                                                                            ext: (),
                                                                        },
                                                                    ),
                                                                    Number(
                                                                        TermNumber {
                                                                            number: TokenNumber {
                                                                                pos: Pos {
                                                                                    file_id: FileId(
                                                                                        0,
                                                                                    ),
                                                                                    line: 9,
                                                                                    column: 37,
                                                                                },
                                                                                s: "0",
                                                                            },
                                                                            ext: (),
                                                                        },
                                                                    ),
                                                                    Number(
                                                                        TermNumber {
                                                                            number: TokenNumber {
                                                                                pos: Pos {
                                                                                    file_id: FileId(
                                                                                        0,
                                                                                    ),
                                                                                    line: 9,
                                                                                    column: 39,
                                                                                },
                                                                                s: "0",
                                                                            },
                                                                            ext: (),
                                                                        },
                                                                    ),
                                                                    Number(
                                                                        TermNumber {
                                                                            number: TokenNumber {
                                                                                pos: Pos {
                                                                                    file_id: FileId(
                                                                                        0,
                                                                                    ),
                                                                                    line: 9,
                                                                                    column: 41,
                                                                                },
                                                                                s: "0",
                                                                            },
                                                                            ext: (),
                                                                        },
                                                                    ),
                                                                    Number(
                                                                        TermNumber {
                                                                            number: TokenNumber {
                                                                                pos: Pos {
                                                                                    file_id: FileId(
                                                                                        0,
                                                                                    ),
                                                                                    line: 9,
                                                                                    column: 43,
                                                                                },
                                                                                s: "0",
                                                                            },
                                                                            ext: (),
                                                                        },
                                                                    ),
                                                                ],
                                                                ext: (),
                                                            },
                                                        ),
                                                    ),
                                                    semicolon: TokenSemicolon {
                                                        pos: Pos {
                                                            file_id: FileId(
                                                                0,
                                                            ),
                                                            line: 9,
                                                            column: 44,
                                                        },
                                                    },
                                                    tail: Nil,
                                                    ext: (),
                                                },
                                            ),
                                            ext: (),
                                        },
                                    ),
                                    ext: (),
                                },
                            ),
                            ext: (),
                        },
                    ),
                    brace_r: TokenBraceR {
                        pos: Pos {
                            file_id: FileId(
                                0,
                            ),
                            line: 10,
                            column: 1,
                        },
                    },
                    ext: (),
                },
                ext: (),
            },
        ),
    ],
    ext: (),
}
