---
source: neco-felis-syn/src/file.rs
expression: file
---
File {
    items: [
        Inductive(
            ItemInductive {
                keyword_inductive: TokenKeyword {
                    pos: Pos {
                        file_id: FileId(
                            0,
                        ),
                        line: 1,
                        column: 1,
                    },
                    s: "inductive",
                },
                name: TokenVariable {
                    pos: Pos {
                        file_id: FileId(
                            0,
                        ),
                        line: 1,
                        column: 12,
                    },
                    s: "eq",
                },
                colon: TokenColon {
                    pos: Pos {
                        file_id: FileId(
                            0,
                        ),
                        line: 1,
                        column: 15,
                    },
                },
                ty: ArrowDep(
                    TermArrowDep {
                        paren_l: TokenParenL {
                            pos: Pos {
                                file_id: FileId(
                                    0,
                                ),
                                line: 1,
                                column: 17,
                            },
                        },
                        from: TermVariable {
                            variable: TokenVariable {
                                pos: Pos {
                                    file_id: FileId(
                                        0,
                                    ),
                                    line: 1,
                                    column: 18,
                                },
                                s: "A",
                            },
                            ext: (),
                        },
                        colon: TokenColon {
                            pos: Pos {
                                file_id: FileId(
                                    0,
                                ),
                                line: 1,
                                column: 20,
                            },
                        },
                        from_ty: Apply(
                            TermApply {
                                f: Variable(
                                    TermVariable {
                                        variable: TokenVariable {
                                            pos: Pos {
                                                file_id: FileId(
                                                    0,
                                                ),
                                                line: 1,
                                                column: 22,
                                            },
                                            s: "Type",
                                        },
                                        ext: (),
                                    },
                                ),
                                args: [],
                                ext: (),
                            },
                        ),
                        paren_r: TokenParenR {
                            pos: Pos {
                                file_id: FileId(
                                    0,
                                ),
                                line: 1,
                                column: 26,
                            },
                        },
                        arrow: TokenOperator {
                            pos: Pos {
                                file_id: FileId(
                                    0,
                                ),
                                line: 1,
                                column: 28,
                            },
                            s: "->",
                        },
                        to: ArrowDep(
                            TermArrowDep {
                                paren_l: TokenParenL {
                                    pos: Pos {
                                        file_id: FileId(
                                            0,
                                        ),
                                        line: 1,
                                        column: 31,
                                    },
                                },
                                from: TermVariable {
                                    variable: TokenVariable {
                                        pos: Pos {
                                            file_id: FileId(
                                                0,
                                            ),
                                            line: 1,
                                            column: 32,
                                        },
                                        s: "x",
                                    },
                                    ext: (),
                                },
                                colon: TokenColon {
                                    pos: Pos {
                                        file_id: FileId(
                                            0,
                                        ),
                                        line: 1,
                                        column: 34,
                                    },
                                },
                                from_ty: Apply(
                                    TermApply {
                                        f: Variable(
                                            TermVariable {
                                                variable: TokenVariable {
                                                    pos: Pos {
                                                        file_id: FileId(
                                                            0,
                                                        ),
                                                        line: 1,
                                                        column: 36,
                                                    },
                                                    s: "A",
                                                },
                                                ext: (),
                                            },
                                        ),
                                        args: [],
                                        ext: (),
                                    },
                                ),
                                paren_r: TokenParenR {
                                    pos: Pos {
                                        file_id: FileId(
                                            0,
                                        ),
                                        line: 1,
                                        column: 37,
                                    },
                                },
                                arrow: TokenOperator {
                                    pos: Pos {
                                        file_id: FileId(
                                            0,
                                        ),
                                        line: 1,
                                        column: 39,
                                    },
                                    s: "->",
                                },
                                to: ArrowNodep(
                                    TermArrowNodep {
                                        from: Variable(
                                            TermVariable {
                                                variable: TokenVariable {
                                                    pos: Pos {
                                                        file_id: FileId(
                                                            0,
                                                        ),
                                                        line: 1,
                                                        column: 42,
                                                    },
                                                    s: "A",
                                                },
                                                ext: (),
                                            },
                                        ),
                                        arrow: TokenOperator {
                                            pos: Pos {
                                                file_id: FileId(
                                                    0,
                                                ),
                                                line: 1,
                                                column: 44,
                                            },
                                            s: "->",
                                        },
                                        to: Apply(
                                            TermApply {
                                                f: Variable(
                                                    TermVariable {
                                                        variable: TokenVariable {
                                                            pos: Pos {
                                                                file_id: FileId(
                                                                    0,
                                                                ),
                                                                line: 1,
                                                                column: 47,
                                                            },
                                                            s: "Prop",
                                                        },
                                                        ext: (),
                                                    },
                                                ),
                                                args: [],
                                                ext: (),
                                            },
                                        ),
                                        ext: (),
                                    },
                                ),
                                ext: (),
                            },
                        ),
                        ext: (),
                    },
                ),
                brace_l: TokenBraceL {
                    pos: Pos {
                        file_id: FileId(
                            0,
                        ),
                        line: 1,
                        column: 52,
                    },
                },
                branches: [
                    ItemInductiveBranch {
                        name: TokenVariable {
                            pos: Pos {
                                file_id: FileId(
                                    0,
                                ),
                                line: 2,
                                column: 5,
                            },
                            s: "eq_refl",
                        },
                        colon: TokenColon {
                            pos: Pos {
                                file_id: FileId(
                                    0,
                                ),
                                line: 2,
                                column: 12,
                            },
                        },
                        ty: ArrowDep(
                            TermArrowDep {
                                paren_l: TokenParenL {
                                    pos: Pos {
                                        file_id: FileId(
                                            0,
                                        ),
                                        line: 2,
                                        column: 14,
                                    },
                                },
                                from: TermVariable {
                                    variable: TokenVariable {
                                        pos: Pos {
                                            file_id: FileId(
                                                0,
                                            ),
                                            line: 2,
                                            column: 15,
                                        },
                                        s: "A",
                                    },
                                    ext: (),
                                },
                                colon: TokenColon {
                                    pos: Pos {
                                        file_id: FileId(
                                            0,
                                        ),
                                        line: 2,
                                        column: 17,
                                    },
                                },
                                from_ty: Apply(
                                    TermApply {
                                        f: Variable(
                                            TermVariable {
                                                variable: TokenVariable {
                                                    pos: Pos {
                                                        file_id: FileId(
                                                            0,
                                                        ),
                                                        line: 2,
                                                        column: 19,
                                                    },
                                                    s: "Type",
                                                },
                                                ext: (),
                                            },
                                        ),
                                        args: [],
                                        ext: (),
                                    },
                                ),
                                paren_r: TokenParenR {
                                    pos: Pos {
                                        file_id: FileId(
                                            0,
                                        ),
                                        line: 2,
                                        column: 23,
                                    },
                                },
                                arrow: TokenOperator {
                                    pos: Pos {
                                        file_id: FileId(
                                            0,
                                        ),
                                        line: 2,
                                        column: 25,
                                    },
                                    s: "->",
                                },
                                to: ArrowDep(
                                    TermArrowDep {
                                        paren_l: TokenParenL {
                                            pos: Pos {
                                                file_id: FileId(
                                                    0,
                                                ),
                                                line: 2,
                                                column: 28,
                                            },
                                        },
                                        from: TermVariable {
                                            variable: TokenVariable {
                                                pos: Pos {
                                                    file_id: FileId(
                                                        0,
                                                    ),
                                                    line: 2,
                                                    column: 29,
                                                },
                                                s: "x",
                                            },
                                            ext: (),
                                        },
                                        colon: TokenColon {
                                            pos: Pos {
                                                file_id: FileId(
                                                    0,
                                                ),
                                                line: 2,
                                                column: 31,
                                            },
                                        },
                                        from_ty: Apply(
                                            TermApply {
                                                f: Variable(
                                                    TermVariable {
                                                        variable: TokenVariable {
                                                            pos: Pos {
                                                                file_id: FileId(
                                                                    0,
                                                                ),
                                                                line: 2,
                                                                column: 33,
                                                            },
                                                            s: "A",
                                                        },
                                                        ext: (),
                                                    },
                                                ),
                                                args: [],
                                                ext: (),
                                            },
                                        ),
                                        paren_r: TokenParenR {
                                            pos: Pos {
                                                file_id: FileId(
                                                    0,
                                                ),
                                                line: 2,
                                                column: 34,
                                            },
                                        },
                                        arrow: TokenOperator {
                                            pos: Pos {
                                                file_id: FileId(
                                                    0,
                                                ),
                                                line: 2,
                                                column: 36,
                                            },
                                            s: "->",
                                        },
                                        to: Apply(
                                            TermApply {
                                                f: Variable(
                                                    TermVariable {
                                                        variable: TokenVariable {
                                                            pos: Pos {
                                                                file_id: FileId(
                                                                    0,
                                                                ),
                                                                line: 2,
                                                                column: 39,
                                                            },
                                                            s: "eq",
                                                        },
                                                        ext: (),
                                                    },
                                                ),
                                                args: [
                                                    Variable(
                                                        TermVariable {
                                                            variable: TokenVariable {
                                                                pos: Pos {
                                                                    file_id: FileId(
                                                                        0,
                                                                    ),
                                                                    line: 2,
                                                                    column: 42,
                                                                },
                                                                s: "A",
                                                            },
                                                            ext: (),
                                                        },
                                                    ),
                                                    Variable(
                                                        TermVariable {
                                                            variable: TokenVariable {
                                                                pos: Pos {
                                                                    file_id: FileId(
                                                                        0,
                                                                    ),
                                                                    line: 2,
                                                                    column: 44,
                                                                },
                                                                s: "x",
                                                            },
                                                            ext: (),
                                                        },
                                                    ),
                                                    Variable(
                                                        TermVariable {
                                                            variable: TokenVariable {
                                                                pos: Pos {
                                                                    file_id: FileId(
                                                                        0,
                                                                    ),
                                                                    line: 2,
                                                                    column: 46,
                                                                },
                                                                s: "x",
                                                            },
                                                            ext: (),
                                                        },
                                                    ),
                                                ],
                                                ext: (),
                                            },
                                        ),
                                        ext: (),
                                    },
                                ),
                                ext: (),
                            },
                        ),
                        comma: TokenComma {
                            pos: Pos {
                                file_id: FileId(
                                    0,
                                ),
                                line: 2,
                                column: 47,
                            },
                        },
                        ext: (),
                    },
                ],
                brace_r: TokenBraceR {
                    pos: Pos {
                        file_id: FileId(
                            0,
                        ),
                        line: 3,
                        column: 1,
                    },
                },
                ext: (),
            },
        ),
    ],
    ext: (),
}
